// Jest Snapshot v1, https://goo.gl/fbAQLP

exports[`rendering 1`] = `
<h1>
  Hello 
  johndoe
</h1>
`;
